Output file downloaded to C:\Users\User\Downloads\Multi-main\Multi-main\shmq-ultimate\mixllm_3level_kaggle\latest-output-1787103633\mixllm-3level/mixllm/__init__.py
Output file downloaded to C:\Users\User\Downloads\Multi-main\Multi-main\shmq-ultimate\mixllm_3level_kaggle\latest-output-1787103633\mixllm-3level/mixllm/__pycache__/__init__.cpython-312.pyc
Output file downloaded to C:\Users\User\Downloads\Multi-main\Multi-main\shmq-ultimate\mixllm_3level_kaggle\latest-output-1787103633\mixllm-3level/mixllm/__pycache__/model_gate.cpython-312.pyc
Output file downloaded to C:\Users\User\Downloads\Multi-main\Multi-main\shmq-ultimate\mixllm_3level_kaggle\latest-output-1787103633\mixllm-3level/mixllm/__pycache__/sm75_backend.cpython-312.pyc
Output file downloaded to C:\Users\User\Downloads\Multi-main\Multi-main\shmq-ultimate\mixllm_3level_kaggle\latest-output-1787103633\mixllm-3level/mixllm/kernels/cutlass_extension/mq_fine_grained_scale_zero_iterator.h
Output file downloaded to C:\Users\User\Downloads\Multi-main\Multi-main\shmq-ultimate\mixllm_3level_kaggle\latest-output-1787103633\mixllm-3level/mixllm/kernels/cutlass_extension/mq_mma_base.h
Output file downloaded to C:\Users\User\Downloads\Multi-main\Multi-main\shmq-ultimate\mixllm_3level_kaggle\latest-output-1787103633\mixllm-3level/mixllm/kernels/cutlass_extension/mq_mma_pipelined_sm75.h
Output file downloaded to C:\Users\User\Downloads\Multi-main\Multi-main\shmq-ultimate\mixllm_3level_kaggle\latest-output-1787103633\mixllm-3level/mixllm/kernels/cutlass_extension/mq_mma_tensor_op_dequantizer.h
Output file downloaded to C:\Users\User\Downloads\Multi-main\Multi-main\shmq-ultimate\mixllm_3level_kaggle\latest-output-1787103633\mixllm-3level/mixllm/kernels/cutlass_extension/mq_numeric_conversion.h
Output file downloaded to C:\Users\User\Downloads\Multi-main\Multi-main\shmq-ultimate\mixllm_3level_kaggle\latest-output-1787103633\mixllm-3level/mixllm/kernels/cutlass_sm75_vendor.b64
Output file downloaded to C:\Users\User\Downloads\Multi-main\Multi-main\shmq-ultimate\mixllm_3level_kaggle\latest-output-1787103633\mixllm-3level/mixllm/kernels/cutlass_sm75_vendor/.ready
Output file downloaded to C:\Users\User\Downloads\Multi-main\Multi-main\shmq-ultimate\mixllm_3level_kaggle\latest-output-1787103633\mixllm-3level/mixllm/kernels/cutlass_sm75_vendor/mixllm/kernels/cutlass/include/cute/algorithm/functional.hpp
Output file downloaded to C:\Users\User\Downloads\Multi-main\Multi-main\shmq-ultimate\mixllm_3level_kaggle\latest-output-1787103633\mixllm-3level/mixllm/kernels/cutlass_sm75_vendor/mixllm/kernels/cutlass/include/cute/algorithm/tuple_algorithms.hpp
Output file downloaded to C:\Users\User\Downloads\Multi-main\Multi-main\shmq-ultimate\mixllm_3level_kaggle\latest-output-1787103633\mixllm-3level/mixllm/kernels/cutlass_sm75_vendor/mixllm/kernels/cutlass/include/cute/arch/config.hpp
Output file downloaded to C:\Users\User\Downloads\Multi-main\Multi-main\shmq-ultimate\mixllm_3level_kaggle\latest-output-1787103633\mixllm-3level/mixllm/kernels/cutlass_sm75_vendor/mixllm/kernels/cutlass/include/cute/arch/copy.hpp
Output file downloaded to C:\Users\User\Downloads\Multi-main\Multi-main\shmq-ultimate\mixllm_3level_kaggle\latest-output-1787103633\mixllm-3level/mixllm/kernels/cutlass_sm75_vendor/mixllm/kernels/cutlass/include/cute/arch/copy_sm100_tma.hpp
Output file downloaded to C:\Users\User\Downloads\Multi-main\Multi-main\shmq-ultimate\mixllm_3level_kaggle\latest-output-1787103633\mixllm-3level/mixllm/kernels/cutlass_sm75_vendor/mixllm/kernels/cutlass/include/cute/arch/copy_sm75.hpp
Output file downloaded to C:\Users\User\Downloads\Multi-main\Multi-main\shmq-ultimate\mixllm_3level_kaggle\latest-output-1787103633\mixllm-3level/mixllm/kernels/cutlass_sm75_vendor/mixllm/kernels/cutlass/include/cute/arch/copy_sm90.hpp
Output file downloaded to C:\Users\User\Downloads\Multi-main\Multi-main\shmq-ultimate\mixllm_3level_kaggle\latest-output-1787103633\mixllm-3level/mixllm/kernels/cutlass_sm75_vendor/mixllm/kernels/cutlass/include/cute/arch/copy_sm90_desc.hpp
Output file downloaded to C:\Users\User\Downloads\Multi-main\Multi-main\shmq-ultimate\mixllm_3level_kaggle\latest-output-1787103633\mixllm-3level/mixllm/kernels/cutlass_sm75_vendor/mixllm/kernels/cutlass/include/cute/arch/copy_sm90_tma.hpp
Output file downloaded to C:\Users\User\Downloads\Multi-main\Multi-main\shmq-ultimate\mixllm_3level_kaggle\latest-output-1787103633\mixllm-3level/mixllm/kernels/cutlass_sm75_vendor/mixllm/kernels/cutlass/include/cute/arch/mma.hpp
Output file downloaded to C:\Users\User\Downloads\Multi-main\Multi-main\shmq-ultimate\mixllm_3level_kaggle\latest-output-1787103633\mixllm-3level/mixllm/kernels/cutlass_sm75_vendor/mixllm/kernels/cutlass/include/cute/arch/mma_sm100_desc.hpp
Output file downloaded to C:\Users\User\Downloads\Multi-main\Multi-main\shmq-ultimate\mixllm_3level_kaggle\latest-output-1787103633\mixllm-3level/mixllm/kernels/cutlass_sm75_vendor/mixllm/kernels/cutlass/include/cute/arch/util.hpp
Output file downloaded to C:\Users\User\Downloads\Multi-main\Multi-main\shmq-ultimate\mixllm_3level_kaggle\latest-output-1787103633\mixllm-3level/mixllm/kernels/cutlass_sm75_vendor/mixllm/kernels/cutlass/include/cute/config.hpp
Output file downloaded to C:\Users\User\Downloads\Multi-main\Multi-main\shmq-ultimate\mixllm_3level_kaggle\latest-output-1787103633\mixllm-3level/mixllm/kernels/cutlass_sm75_vendor/mixllm/kernels/cutlass/include/cute/container/alignment.hpp
Output file downloaded to C:\Users\User\Downloads\Multi-main\Multi-main\shmq-ultimate\mixllm_3level_kaggle\latest-output-1787103633\mixllm-3level/mixllm/kernels/cutlass_sm75_vendor/mixllm/kernels/cutlass/include/cute/container/array.hpp
Output file downloaded to C:\Users\User\Downloads\Multi-main\Multi-main\shmq-ultimate\mixllm_3level_kaggle\latest-output-1787103633\mixllm-3level/mixllm/kernels/cutlass_sm75_vendor/mixllm/kernels/cutlass/include/cute/container/bit_field.hpp
Output file downloaded to C:\Users\User\Downloads\Multi-main\Multi-main\shmq-ultimate\mixllm_3level_kaggle\latest-output-1787103633\mixllm-3level/mixllm/kernels/cutlass_sm75_vendor/mixllm/kernels/cutlass/include/cute/container/cuda_types.hpp
Output file downloaded to C:\Users\User\Downloads\Multi-main\Multi-main\shmq-ultimate\mixllm_3level_kaggle\latest-output-1787103633\mixllm-3level/mixllm/kernels/cutlass_sm75_vendor/mixllm/kernels/cutlass/include/cute/container/tuple.hpp
Output file downloaded to C:\Users\User\Downloads\Multi-main\Multi-main\shmq-ultimate\mixllm_3level_kaggle\latest-output-1787103633\mixllm-3level/mixllm/kernels/cutlass_sm75_vendor/mixllm/kernels/cutlass/include/cute/container/type_list.hpp
Output file downloaded to C:\Users\User\Downloads\Multi-main\Multi-main\shmq-ultimate\mixllm_3level_kaggle\latest-output-1787103633\mixllm-3level/mixllm/kernels/cutlass_sm75_vendor/mixllm/kernels/cutlass/include/cute/int_tuple.hpp
Output file downloaded to C:\Users\User\Downloads\Multi-main\Multi-main\shmq-ultimate\mixllm_3level_kaggle\latest-output-1787103633\mixllm-3level/mixllm/kernels/cutlass_sm75_vendor/mixllm/kernels/cutlass/include/cute/layout.hpp
Output file downloaded to C:\Users\User\Downloads\Multi-main\Multi-main\shmq-ultimate\mixllm_3level_kaggle\latest-output-1787103633\mixllm-3level/mixllm/kernels/cutlass_sm75_vendor/mixllm/kernels/cutlass/include/cute/layout_composed.hpp
Output file downloaded to C:\Users\User\Downloads\Multi-main\Multi-main\shmq-ultimate\mixllm_3level_kaggle\latest-output-1787103633\mixllm-3level/mixllm/kernels/cutlass_sm75_vendor/mixllm/kernels/cutlass/include/cute/numeric/arithmetic_tuple.hpp
Output file downloaded to C:\Users\User\Downloads\Multi-main\Multi-main\shmq-ultimate\mixllm_3level_kaggle\latest-output-1787103633\mixllm-3level/mixllm/kernels/cutlass_sm75_vendor/mixllm/kernels/cutlass/include/cute/numeric/complex.hpp
Output file downloaded to C:\Users\User\Downloads\Multi-main\Multi-main\shmq-ultimate\mixllm_3level_kaggle\latest-output-1787103633\mixllm-3level/mixllm/kernels/cutlass_sm75_vendor/mixllm/kernels/cutlass/include/cute/numeric/int.hpp
Output file downloaded to C:\Users\User\Downloads\Multi-main\Multi-main\shmq-ultimate\mixllm_3level_kaggle\latest-output-1787103633\mixllm-3level/mixllm/kernels/cutlass_sm75_vendor/mixllm/kernels/cutlass/include/cute/numeric/integer_sequence.hpp
Output file downloaded to C:\Users\User\Downloads\Multi-main\Multi-main\shmq-ultimate\mixllm_3level_kaggle\latest-output-1787103633\mixllm-3level/mixllm/kernels/cutlass_sm75_vendor/mixllm/kernels/cutlass/include/cute/numeric/integral_constant.hpp
Output file downloaded to C:\Users\User\Downloads\Multi-main\Multi-main\shmq-ultimate\mixllm_3level_kaggle\latest-output-1787103633\mixllm-3level/mixllm/kernels/cutlass_sm75_vendor/mixllm/kernels/cutlass/include/cute/numeric/integral_ratio.hpp
Output file downloaded to C:\Users\User\Downloads\Multi-main\Multi-main\shmq-ultimate\mixllm_3level_kaggle\latest-output-1787103633\mixllm-3level/mixllm/kernels/cutlass_sm75_vendor/mixllm/kernels/cutlass/include/cute/numeric/math.hpp
Output file downloaded to C:\Users\User\Downloads\Multi-main\Multi-main\shmq-ultimate\mixllm_3level_kaggle\latest-output-1787103633\mixllm-3level/mixllm/kernels/cutlass_sm75_vendor/mixllm/kernels/cutlass/include/cute/numeric/numeric_types.hpp
Output file downloaded to C:\Users\User\Downloads\Multi-main\Multi-main\shmq-ultimate\mixllm_3level_kaggle\latest-output-1787103633\mixllm-3level/mixllm/kernels/cutlass_sm75_vendor/mixllm/kernels/cutlass/include/cute/numeric/real.hpp
Output file downloaded to C:\Users\User\Downloads\Multi-main\Multi-main\shmq-ultimate\mixllm_3level_kaggle\latest-output-1787103633\mixllm-3level/mixllm/kernels/cutlass_sm75_vendor/mixllm/kernels/cutlass/include/cute/pointer_base.hpp
Output file downloaded to C:\Users\User\Downloads\Multi-main\Multi-main\shmq-ultimate\mixllm_3level_kaggle\latest-output-1787103633\mixllm-3level/mixllm/kernels/cutlass_sm75_vendor/mixllm/kernels/cutlass/include/cute/pointer_sparse.hpp
Output file downloaded to C:\Users\User\Downloads\Multi-main\Multi-main\shmq-ultimate\mixllm_3level_kaggle\latest-output-1787103633\mixllm-3level/mixllm/kernels/cutlass_sm75_vendor/mixllm/kernels/cutlass/include/cute/stride.hpp
Output file downloaded to C:\Users\User\Downloads\Multi-main\Multi-main\shmq-ultimate\mixllm_3level_kaggle\latest-output-1787103633\mixllm-3level/mixllm/kernels/cutlass_sm75_vendor/mixllm/kernels/cutlass/include/cute/swizzle.hpp
Output file downloaded to C:\Users\User\Downloads\Multi-main\Multi-main\shmq-ultimate\mixllm_3level_kaggle\latest-output-1787103633\mixllm-3level/mixllm/kernels/cutlass_sm75_vendor/mixllm/kernels/cutlass/include/cute/swizzle_layout.hpp
Output file downloaded to C:\Users\User\Downloads\Multi-main\Multi-main\shmq-ultimate\mixllm_3level_kaggle\latest-output-1787103633\mixllm-3level/mixllm/kernels/cutlass_sm75_vendor/mixllm/kernels/cutlass/include/cute/underscore.hpp
Output file downloaded to C:\Users\User\Downloads\Multi-main\Multi-main\shmq-ultimate\mixllm_3level_kaggle\latest-output-1787103633\mixllm-3level/mixllm/kernels/cutlass_sm75_vendor/mixllm/kernels/cutlass/include/cute/util/debug.hpp
Output file downloaded to C:\Users\User\Downloads\Multi-main\Multi-main\shmq-ultimate\mixllm_3level_kaggle\latest-output-1787103633\mixllm-3level/mixllm/kernels/cutlass_sm75_vendor/mixllm/kernels/cutlass/include/cute/util/print.hpp
Output file downloaded to C:\Users\User\Downloads\Multi-main\Multi-main\shmq-ultimate\mixllm_3level_kaggle\latest-output-1787103633\mixllm-3level/mixllm/kernels/cutlass_sm75_vendor/mixllm/kernels/cutlass/include/cute/util/type_traits.hpp
Output file downloaded to C:\Users\User\Downloads\Multi-main\Multi-main\shmq-ultimate\mixllm_3level_kaggle\latest-output-1787103633\mixllm-3level/mixllm/kernels/cutlass_sm75_vendor/mixllm/kernels/cutlass/include/cutlass/aligned_buffer.h
Output file downloaded to C:\Users\User\Downloads\Multi-main\Multi-main\shmq-ultimate\mixllm_3level_kaggle\latest-output-1787103633\mixllm-3level/mixllm/kernels/cutlass_sm75_vendor/mixllm/kernels/cutlass/include/cutlass/arch/arch.h
Output file downloaded to C:\Users\User\Downloads\Multi-main\Multi-main\shmq-ultimate\mixllm_3level_kaggle\latest-output-1787103633\mixllm-3level/mixllm/kernels/cutlass_sm75_vendor/mixllm/kernels/cutlass/include/cutlass/arch/cache_operation.h
Output file downloaded to C:\Users\User\Downloads\Multi-main\Multi-main\shmq-ultimate\mixllm_3level_kaggle\latest-output-1787103633\mixllm-3level/mixllm/kernels/cutlass_sm75_vendor/mixllm/kernels/cutlass/include/cutlass/arch/config.h
Output file downloaded to C:\Users\User\Downloads\Multi-main\Multi-main\shmq-ultimate\mixllm_3level_kaggle\latest-output-1787103633\mixllm-3level/mixllm/kernels/cutlass_sm75_vendor/mixllm/kernels/cutlass/include/cutlass/arch/memory.h
Output file downloaded to C:\Users\User\Downloads\Multi-main\Multi-main\shmq-ultimate\mixllm_3level_kaggle\latest-output-1787103633\mixllm-3level/mixllm/kernels/cutlass_sm75_vendor/mixllm/kernels/cutlass/include/cutlass/arch/memory_sm75.h
Output file downloaded to C:\Users\User\Downloads\Multi-main\Multi-main\shmq-ultimate\mixllm_3level_kaggle\latest-output-1787103633\mixllm-3level/mixllm/kernels/cutlass_sm75_vendor/mixllm/kernels/cutlass/include/cutlass/arch/memory_sm80.h
Output file downloaded to C:\Users\User\Downloads\Multi-main\Multi-main\shmq-ultimate\mixllm_3level_kaggle\latest-output-1787103633\mixllm-3level/mixllm/kernels/cutlass_sm75_vendor/mixllm/kernels/cutlass/include/cutlass/arch/mma.h
Output file downloaded to C:\Users\User\Downloads\Multi-main\Multi-main\shmq-ultimate\mixllm_3level_kaggle\latest-output-1787103633\mixllm-3level/mixllm/kernels/cutlass_sm75_vendor/mixllm/kernels/cutlass/include/cutlass/arch/mma_sm50.h
Output file downloaded to C:\Users\User\Downloads\Multi-main\Multi-main\shmq-ultimate\mixllm_3level_kaggle\latest-output-1787103633\mixllm-3level/mixllm/kernels/cutlass_sm75_vendor/mixllm/kernels/cutlass/include/cutlass/arch/mma_sm60.h
Output file downloaded to C:\Users\User\Downloads\Multi-main\Multi-main\shmq-ultimate\mixllm_3level_kaggle\latest-output-1787103633\mixllm-3level/mixllm/kernels/cutlass_sm75_vendor/mixllm/kernels/cutlass/include/cutlass/arch/mma_sm61.h
Output file downloaded to C:\Users\User\Downloads\Multi-main\Multi-main\shmq-ultimate\mixllm_3level_kaggle\latest-output-1787103633\mixllm-3level/mixllm/kernels/cutlass_sm75_vendor/mixllm/kernels/cutlass/include/cutlass/arch/mma_sm70.h
Output file downloaded to C:\Users\User\Downloads\Multi-main\Multi-main\shmq-ultimate\mixllm_3level_kaggle\latest-output-1787103633\mixllm-3level/mixllm/kernels/cutlass_sm75_vendor/mixllm/kernels/cutlass/include/cutlass/arch/mma_sm75.h
Output file downloaded to C:\Users\User\Downloads\Multi-main\Multi-main\shmq-ultimate\mixllm_3level_kaggle\latest-output-1787103633\mixllm-3level/mixllm/kernels/cutlass_sm75_vendor/mixllm/kernels/cutlass/include/cutlass/arch/mma_sm80.h
Output file downloaded to C:\Users\User\Downloads\Multi-main\Multi-main\shmq-ultimate\mixllm_3level_kaggle\latest-output-1787103633\mixllm-3level/mixllm/kernels/cutlass_sm75_vendor/mixllm/kernels/cutlass/include/cutlass/arch/mma_sm89.h
Output file downloaded to C:\Users\User\Downloads\Multi-main\Multi-main\shmq-ultimate\mixllm_3level_kaggle\latest-output-1787103633\mixllm-3level/mixllm/kernels/cutlass_sm75_vendor/mixllm/kernels/cutlass/include/cutlass/arch/mma_sm90.h
Output file downloaded to C:\Users\User\Downloads\Multi-main\Multi-main\shmq-ultimate\mixllm_3level_kaggle\latest-output-1787103633\mixllm-3level/mixllm/kernels/cutlass_sm75_vendor/mixllm/kernels/cutlass/include/cutlass/arch/mma_sparse_sm80.h
Output file downloaded to C:\Users\User\Downloads\Multi-main\Multi-main\shmq-ultimate\mixllm_3level_kaggle\latest-output-1787103633\mixllm-3level/mixllm/kernels/cutlass_sm75_vendor/mixllm/kernels/cutlass/include/cutlass/arch/mma_sparse_sm89.h
Output file downloaded to C:\Users\User\Downloads\Multi-main\Multi-main\shmq-ultimate\mixllm_3level_kaggle\latest-output-1787103633\mixllm-3level/mixllm/kernels/cutlass_sm75_vendor/mixllm/kernels/cutlass/include/cutlass/arch/synclog.hpp
Output file downloaded to C:\Users\User\Downloads\Multi-main\Multi-main\shmq-ultimate\mixllm_3level_kaggle\latest-output-1787103633\mixllm-3level/mixllm/kernels/cutlass_sm75_vendor/mixllm/kernels/cutlass/include/cutlass/arch/wmma.h
Output file downloaded to C:\Users\User\Downloads\Multi-main\Multi-main\shmq-ultimate\mixllm_3level_kaggle\latest-output-1787103633\mixllm-3level/mixllm/kernels/cutlass_sm75_vendor/mixllm/kernels/cutlass/include/cutlass/arch/wmma_sm70.h
Output file downloaded to C:\Users\User\Downloads\Multi-main\Multi-main\shmq-ultimate\mixllm_3level_kaggle\latest-output-1787103633\mixllm-3level/mixllm/kernels/cutlass_sm75_vendor/mixllm/kernels/cutlass/include/cutlass/arch/wmma_sm72.h
Output file downloaded to C:\Users\User\Downloads\Multi-main\Multi-main\shmq-ultimate\mixllm_3level_kaggle\latest-output-1787103633\mixllm-3level/mixllm/kernels/cutlass_sm75_vendor/mixllm/kernels/cutlass/include/cutlass/arch/wmma_sm75.h
Output file downloaded to C:\Users\User\Downloads\Multi-main\Multi-main\shmq-ultimate\mixllm_3level_kaggle\latest-output-1787103633\mixllm-3level/mixllm/kernels/cutlass_sm75_vendor/mixllm/kernels/cutlass/include/cutlass/array.h
Output file downloaded to C:\Users\User\Downloads\Multi-main\Multi-main\shmq-ultimate\mixllm_3level_kaggle\latest-output-1787103633\mixllm-3level/mixllm/kernels/cutlass_sm75_vendor/mixllm/kernels/cutlass/include/cutlass/array_subbyte.h
Output file downloaded to C:\Users\User\Downloads\Multi-main\Multi-main\shmq-ultimate\mixllm_3level_kaggle\latest-output-1787103633\mixllm-3level/mixllm/kernels/cutlass_sm75_vendor/mixllm/kernels/cutlass/include/cutlass/bfloat16.h
Output file downloaded to C:\Users\User\Downloads\Multi-main\Multi-main\shmq-ultimate\mixllm_3level_kaggle\latest-output-1787103633\mixllm-3level/mixllm/kernels/cutlass_sm75_vendor/mixllm/kernels/cutlass/include/cutlass/complex.h
Output file downloaded to C:\Users\User\Downloads\Multi-main\Multi-main\shmq-ultimate\mixllm_3level_kaggle\latest-output-1787103633\mixllm-3level/mixllm/kernels/cutlass_sm75_vendor/mixllm/kernels/cutlass/include/cutlass/coord.h
Output file downloaded to C:\Users\User\Downloads\Multi-main\Multi-main\shmq-ultimate\mixllm_3level_kaggle\latest-output-1787103633\mixllm-3level/mixllm/kernels/cutlass_sm75_vendor/mixllm/kernels/cutlass/include/cutlass/cutlass.h
Output file downloaded to C:\Users\User\Downloads\Multi-main\Multi-main\shmq-ultimate\mixllm_3level_kaggle\latest-output-1787103633\mixllm-3level/mixllm/kernels/cutlass_sm75_vendor/mixllm/kernels/cutlass/include/cutlass/detail/collective.hpp
Output file downloaded to C:\Users\User\Downloads\Multi-main\Multi-main\shmq-ultimate\mixllm_3level_kaggle\latest-output-1787103633\mixllm-3level/mixllm/kernels/cutlass_sm75_vendor/mixllm/kernels/cutlass/include/cutlass/detail/dependent_false.hpp
Output file downloaded to C:\Users\User\Downloads\Multi-main\Multi-main\shmq-ultimate\mixllm_3level_kaggle\latest-output-1787103633\mixllm-3level/mixllm/kernels/cutlass_sm75_vendor/mixllm/kernels/cutlass/include/cutlass/detail/helper_macros.hpp
Output file downloaded to C:\Users\User\Downloads\Multi-main\Multi-main\shmq-ultimate\mixllm_3level_kaggle\latest-output-1787103633\mixllm-3level/mixllm/kernels/cutlass_sm75_vendor/mixllm/kernels/cutlass/include/cutlass/detail/layout.hpp
Output file downloaded to C:\Users\User\Downloads\Multi-main\Multi-main\shmq-ultimate\mixllm_3level_kaggle\latest-output-1787103633\mixllm-3level/mixllm/kernels/cutlass_sm75_vendor/mixllm/kernels/cutlass/include/cutlass/exmy_base.h
Output file downloaded to C:\Users\User\Downloads\Multi-main\Multi-main\shmq-ultimate\mixllm_3level_kaggle\latest-output-1787103633\mixllm-3level/mixllm/kernels/cutlass_sm75_vendor/mixllm/kernels/cutlass/include/cutlass/fast_math.h
Output file downloaded to C:\Users\User\Downloads\Multi-main\Multi-main\shmq-ultimate\mixllm_3level_kaggle\latest-output-1787103633\mixllm-3level/mixllm/kernels/cutlass_sm75_vendor/mixllm/kernels/cutlass/include/cutlass/float8.h
Output file downloaded to C:\Users\User\Downloads\Multi-main\Multi-main\shmq-ultimate\mixllm_3level_kaggle\latest-output-1787103633\mixllm-3level/mixllm/kernels/cutlass_sm75_vendor/mixllm/kernels/cutlass/include/cutlass/float_subbyte.h
Output file downloaded to C:\Users\User\Downloads\Multi-main\Multi-main\shmq-ultimate\mixllm_3level_kaggle\latest-output-1787103633\mixllm-3level/mixllm/kernels/cutlass_sm75_vendor/mixllm/kernels/cutlass/include/cutlass/floating_point_nvrtc.h
Output file downloaded to C:\Users\User\Downloads\Multi-main\Multi-main\shmq-ultimate\mixllm_3level_kaggle\latest-output-1787103633\mixllm-3level/mixllm/kernels/cutlass_sm75_vendor/mixllm/kernels/cutlass/include/cutlass/functional.h
Output file downloaded to C:\Users\User\Downloads\Multi-main\Multi-main\shmq-ultimate\mixllm_3level_kaggle\latest-output-1787103633\mixllm-3level/mixllm/kernels/cutlass_sm75_vendor/mixllm/kernels/cutlass/include/cutlass/gemm/gemm.h
Output file downloaded to C:\Users\User\Downloads\Multi-main\Multi-main\shmq-ultimate\mixllm_3level_kaggle\latest-output-1787103633\mixllm-3level/mixllm/kernels/cutlass_sm75_vendor/mixllm/kernels/cutlass/include/cutlass/gemm/gemm_enumerated_types.h
Output file downloaded to C:\Users\User\Downloads\Multi-main\Multi-main\shmq-ultimate\mixllm_3level_kaggle\latest-output-1787103633\mixllm-3level/mixllm/kernels/cutlass_sm75_vendor/mixllm/kernels/cutlass/include/cutlass/gemm/threadblock/default_mma_core.h
Output file downloaded to C:\Users\User\Downloads\Multi-main\Multi-main\shmq-ultimate\mixllm_3level_kaggle\latest-output-1787103633\mixllm-3level/mixllm/kernels/cutlass_sm75_vendor/mixllm/kernels/cutlass/include/cutlass/gemm/threadblock/default_mma_core_sm75.h
Output file downloaded to C:\Users\User\Downloads\Multi-main\Multi-main\shmq-ultimate\mixllm_3level_kaggle\latest-output-1787103633\mixllm-3level/mixllm/kernels/cutlass_sm75_vendor/mixllm/kernels/cutlass/include/cutlass/gemm/threadblock/mma_base.h
Output file downloaded to C:\Users\User\Downloads\Multi-main\Multi-main\shmq-ultimate\mixllm_3level_kaggle\latest-output-1787103633\mixllm-3level/mixllm/kernels/cutlass_sm75_vendor/mixllm/kernels/cutlass/include/cutlass/gemm/threadblock/mma_pipelined.h
Output file downloaded to C:\Users\User\Downloads\Multi-main\Multi-main\shmq-ultimate\mixllm_3level_kaggle\latest-output-1787103633\mixllm-3level/mixllm/kernels/cutlass_sm75_vendor/mixllm/kernels/cutlass/include/cutlass/gemm/threadblock/mma_singlestage.h
Output file downloaded to C:\Users\User\Downloads\Multi-main\Multi-main\shmq-ultimate\mixllm_3level_kaggle\latest-output-1787103633\mixllm-3level/mixllm/kernels/cutlass_sm75_vendor/mixllm/kernels/cutlass/include/cutlass/gemm/warp/default_mma_tensor_op.h
Output file downloaded to C:\Users\User\Downloads\Multi-main\Multi-main\shmq-ultimate\mixllm_3level_kaggle\latest-output-1787103633\mixllm-3level/mixllm/kernels/cutlass_sm75_vendor/mixllm/kernels/cutlass/include/cutlass/gemm/warp/default_mma_tensor_op_sm80.h
Output file downloaded to C:\Users\User\Downloads\Multi-main\Multi-main\shmq-ultimate\mixllm_3level_kaggle\latest-output-1787103633\mixllm-3level/mixllm/kernels/cutlass_sm75_vendor/mixllm/kernels/cutlass/include/cutlass/gemm/warp/mma.h
Output file downloaded to C:\Users\User\Downloads\Multi-main\Multi-main\shmq-ultimate\mixllm_3level_kaggle\latest-output-1787103633\mixllm-3level/mixllm/kernels/cutlass_sm75_vendor/mixllm/kernels/cutlass/include/cutlass/gemm/warp/mma_complex_tensor_op_tile_iterator_sm80.h
Output file downloaded to C:\Users\User\Downloads\Multi-main\Multi-main\shmq-ultimate\mixllm_3level_kaggle\latest-output-1787103633\mixllm-3level/mixllm/kernels/cutlass_sm75_vendor/mixllm/kernels/cutlass/include/cutlass/gemm/warp/mma_mixed_input_tensor_op.h
Output file downloaded to C:\Users\User\Downloads\Multi-main\Multi-main\shmq-ultimate\mixllm_3level_kaggle\latest-output-1787103633\mixllm-3level/mixllm/kernels/cutlass_sm75_vendor/mixllm/kernels/cutlass/include/cutlass/gemm/warp/mma_tensor_op.h
Output file downloaded to C:\Users\User\Downloads\Multi-main\Multi-main\shmq-ultimate\mixllm_3level_kaggle\latest-output-1787103633\mixllm-3level/mixllm/kernels/cutlass_sm75_vendor/mixllm/kernels/cutlass/include/cutlass/gemm/warp/mma_tensor_op_fast_f32.h
Output file downloaded to C:\Users\User\Downloads\Multi-main\Multi-main\shmq-ultimate\mixllm_3level_kaggle\latest-output-1787103633\mixllm-3level/mixllm/kernels/cutlass_sm75_vendor/mixllm/kernels/cutlass/include/cutlass/gemm/warp/mma_tensor_op_policy.h
Output file downloaded to C:\Users\User\Downloads\Multi-main\Multi-main\shmq-ultimate\mixllm_3level_kaggle\latest-output-1787103633\mixllm-3level/mixllm/kernels/cutlass_sm75_vendor/mixllm/kernels/cutlass/include/cutlass/gemm/warp/mma_tensor_op_tile_iterator.h
Output file downloaded to C:\Users\User\Downloads\Multi-main\Multi-main\shmq-ultimate\mixllm_3level_kaggle\latest-output-1787103633\mixllm-3level/mixllm/kernels/cutlass_sm75_vendor/mixllm/kernels/cutlass/include/cutlass/gemm/warp/mma_tensor_op_tile_iterator_sm80.h
Output file downloaded to C:\Users\User\Downloads\Multi-main\Multi-main\shmq-ultimate\mixllm_3level_kaggle\latest-output-1787103633\mixllm-3level/mixllm/kernels/cutlass_sm75_vendor/mixllm/kernels/cutlass/include/cutlass/gemm_coord.h
Output file downloaded to C:\Users\User\Downloads\Multi-main\Multi-main\shmq-ultimate\mixllm_3level_kaggle\latest-output-1787103633\mixllm-3level/mixllm/kernels/cutlass_sm75_vendor/mixllm/kernels/cutlass/include/cutlass/half.h
Output file downloaded to C:\Users\User\Downloads\Multi-main\Multi-main\shmq-ultimate\mixllm_3level_kaggle\latest-output-1787103633\mixllm-3level/mixllm/kernels/cutlass_sm75_vendor/mixllm/kernels/cutlass/include/cutlass/integer_subbyte.h
Output file downloaded to C:\Users\User\Downloads\Multi-main\Multi-main\shmq-ultimate\mixllm_3level_kaggle\latest-output-1787103633\mixllm-3level/mixllm/kernels/cutlass_sm75_vendor/mixllm/kernels/cutlass/include/cutlass/layout/matrix.h
Output file downloaded to C:\Users\User\Downloads\Multi-main\Multi-main\shmq-ultimate\mixllm_3level_kaggle\latest-output-1787103633\mixllm-3level/mixllm/kernels/cutlass_sm75_vendor/mixllm/kernels/cutlass/include/cutlass/layout/permute.h
Output file downloaded to C:\Users\User\Downloads\Multi-main\Multi-main\shmq-ultimate\mixllm_3level_kaggle\latest-output-1787103633\mixllm-3level/mixllm/kernels/cutlass_sm75_vendor/mixllm/kernels/cutlass/include/cutlass/layout/pitch_linear.h
Output file downloaded to C:\Users\User\Downloads\Multi-main\Multi-main\shmq-ultimate\mixllm_3level_kaggle\latest-output-1787103633\mixllm-3level/mixllm/kernels/cutlass_sm75_vendor/mixllm/kernels/cutlass/include/cutlass/layout/tensor.h
Output file downloaded to C:\Users\User\Downloads\Multi-main\Multi-main\shmq-ultimate\mixllm_3level_kaggle\latest-output-1787103633\mixllm-3level/mixllm/kernels/cutlass_sm75_vendor/mixllm/kernels/cutlass/include/cutlass/layout/tensor_op_multiplicand_sm75.h
Output file downloaded to C:\Users\User\Downloads\Multi-main\Multi-main\shmq-ultimate\mixllm_3level_kaggle\latest-output-1787103633\mixllm-3level/mixllm/kernels/cutlass_sm75_vendor/mixllm/kernels/cutlass/include/cutlass/layout/tensor_op_multiplicand_sm80.h
Output file downloaded to C:\Users\User\Downloads\Multi-main\Multi-main\shmq-ultimate\mixllm_3level_kaggle\latest-output-1787103633\mixllm-3level/mixllm/kernels/cutlass_sm75_vendor/mixllm/kernels/cutlass/include/cutlass/layout/vector.h
Output file downloaded to C:\Users\User\Downloads\Multi-main\Multi-main\shmq-ultimate\mixllm_3level_kaggle\latest-output-1787103633\mixllm-3level/mixllm/kernels/cutlass_sm75_vendor/mixllm/kernels/cutlass/include/cutlass/matrix.h
Output file downloaded to C:\Users\User\Downloads\Multi-main\Multi-main\shmq-ultimate\mixllm_3level_kaggle\latest-output-1787103633\mixllm-3level/mixllm/kernels/cutlass_sm75_vendor/mixllm/kernels/cutlass/include/cutlass/matrix_coord.h
Output file downloaded to C:\Users\User\Downloads\Multi-main\Multi-main\shmq-ultimate\mixllm_3level_kaggle\latest-output-1787103633\mixllm-3level/mixllm/kernels/cutlass_sm75_vendor/mixllm/kernels/cutlass/include/cutlass/matrix_shape.h
Output file downloaded to C:\Users\User\Downloads\Multi-main\Multi-main\shmq-ultimate\mixllm_3level_kaggle\latest-output-1787103633\mixllm-3level/mixllm/kernels/cutlass_sm75_vendor/mixllm/kernels/cutlass/include/cutlass/numeric_conversion.h
Output file downloaded to C:\Users\User\Downloads\Multi-main\Multi-main\shmq-ultimate\mixllm_3level_kaggle\latest-output-1787103633\mixllm-3level/mixllm/kernels/cutlass_sm75_vendor/mixllm/kernels/cutlass/include/cutlass/numeric_size.h
Output file downloaded to C:\Users\User\Downloads\Multi-main\Multi-main\shmq-ultimate\mixllm_3level_kaggle\latest-output-1787103633\mixllm-3level/mixllm/kernels/cutlass_sm75_vendor/mixllm/kernels/cutlass/include/cutlass/numeric_types.h
Output file downloaded to C:\Users\User\Downloads\Multi-main\Multi-main\shmq-ultimate\mixllm_3level_kaggle\latest-output-1787103633\mixllm-3level/mixllm/kernels/cutlass_sm75_vendor/mixllm/kernels/cutlass/include/cutlass/pitch_linear_coord.h
Output file downloaded to C:\Users\User\Downloads\Multi-main\Multi-main\shmq-ultimate\mixllm_3level_kaggle\latest-output-1787103633\mixllm-3level/mixllm/kernels/cutlass_sm75_vendor/mixllm/kernels/cutlass/include/cutlass/platform/platform.h
Output file downloaded to C:\Users\User\Downloads\Multi-main\Multi-main\shmq-ultimate\mixllm_3level_kaggle\latest-output-1787103633\mixllm-3level/mixllm/kernels/cutlass_sm75_vendor/mixllm/kernels/cutlass/include/cutlass/predicate_vector.h
Output file downloaded to C:\Users\User\Downloads\Multi-main\Multi-main\shmq-ultimate\mixllm_3level_kaggle\latest-output-1787103633\mixllm-3level/mixllm/kernels/cutlass_sm75_vendor/mixllm/kernels/cutlass/include/cutlass/quaternion.h
Output file downloaded to C:\Users\User\Downloads\Multi-main\Multi-main\shmq-ultimate\mixllm_3level_kaggle\latest-output-1787103633\mixllm-3level/mixllm/kernels/cutlass_sm75_vendor/mixllm/kernels/cutlass/include/cutlass/real.h
Output file downloaded to C:\Users\User\Downloads\Multi-main\Multi-main\shmq-ultimate\mixllm_3level_kaggle\latest-output-1787103633\mixllm-3level/mixllm/kernels/cutlass_sm75_vendor/mixllm/kernels/cutlass/include/cutlass/subbyte_reference.h
Output file downloaded to C:\Users\User\Downloads\Multi-main\Multi-main\shmq-ultimate\mixllm_3level_kaggle\latest-output-1787103633\mixllm-3level/mixllm/kernels/cutlass_sm75_vendor/mixllm/kernels/cutlass/include/cutlass/tensor_coord.h
Output file downloaded to C:\Users\User\Downloads\Multi-main\Multi-main\shmq-ultimate\mixllm_3level_kaggle\latest-output-1787103633\mixllm-3level/mixllm/kernels/cutlass_sm75_vendor/mixllm/kernels/cutlass/include/cutlass/tensor_ref.h
Output file downloaded to C:\Users\User\Downloads\Multi-main\Multi-main\shmq-ultimate\mixllm_3level_kaggle\latest-output-1787103633\mixllm-3level/mixllm/kernels/cutlass_sm75_vendor/mixllm/kernels/cutlass/include/cutlass/tensor_view.h
Output file downloaded to C:\Users\User\Downloads\Multi-main\Multi-main\shmq-ultimate\mixllm_3level_kaggle\latest-output-1787103633\mixllm-3level/mixllm/kernels/cutlass_sm75_vendor/mixllm/kernels/cutlass/include/cutlass/tfloat32.h
Output file downloaded to C:\Users\User\Downloads\Multi-main\Multi-main\shmq-ultimate\mixllm_3level_kaggle\latest-output-1787103633\mixllm-3level/mixllm/kernels/cutlass_sm75_vendor/mixllm/kernels/cutlass/include/cutlass/transform/pitch_linear_thread_map.h
Output file downloaded to C:\Users\User\Downloads\Multi-main\Multi-main\shmq-ultimate\mixllm_3level_kaggle\latest-output-1787103633\mixllm-3level/mixllm/kernels/cutlass_sm75_vendor/mixllm/kernels/cutlass/include/cutlass/transform/thread/unary_op.h
Output file downloaded to C:\Users\User\Downloads\Multi-main\Multi-main\shmq-ultimate\mixllm_3level_kaggle\latest-output-1787103633\mixllm-3level/mixllm/kernels/cutlass_sm75_vendor/mixllm/kernels/cutlass/include/cutlass/transform/threadblock/predicated_tile_access_iterator.h
Output file downloaded to C:\Users\User\Downloads\Multi-main\Multi-main\shmq-ultimate\mixllm_3level_kaggle\latest-output-1787103633\mixllm-3level/mixllm/kernels/cutlass_sm75_vendor/mixllm/kernels/cutlass/include/cutlass/transform/threadblock/predicated_tile_access_iterator_params.h
Output file downloaded to C:\Users\User\Downloads\Multi-main\Multi-main\shmq-ultimate\mixllm_3level_kaggle\latest-output-1787103633\mixllm-3level/mixllm/kernels/cutlass_sm75_vendor/mixllm/kernels/cutlass/include/cutlass/transform/threadblock/regular_tile_access_iterator.h
Output file downloaded to C:\Users\User\Downloads\Multi-main\Multi-main\shmq-ultimate\mixllm_3level_kaggle\latest-output-1787103633\mixllm-3level/mixllm/kernels/cutlass_sm75_vendor/mixllm/kernels/cutlass/include/cutlass/transform/threadblock/regular_tile_access_iterator_tensor_op.h
Output file downloaded to C:\Users\User\Downloads\Multi-main\Multi-main\shmq-ultimate\mixllm_3level_kaggle\latest-output-1787103633\mixllm-3level/mixllm/kernels/cutlass_sm75_vendor/mixllm/kernels/cutlass/include/cutlass/transform/threadblock/regular_tile_iterator.h
Output file downloaded to C:\Users\User\Downloads\Multi-main\Multi-main\shmq-ultimate\mixllm_3level_kaggle\latest-output-1787103633\mixllm-3level/mixllm/kernels/cutlass_sm75_vendor/mixllm/kernels/cutlass/include/cutlass/transform/threadblock/regular_tile_iterator_tensor_op.h
Output file downloaded to C:\Users\User\Downloads\Multi-main\Multi-main\shmq-ultimate\mixllm_3level_kaggle\latest-output-1787103633\mixllm-3level/mixllm/kernels/cutlass_sm75_vendor/mixllm/kernels/cutlass/include/cutlass/uint128.h
Output file downloaded to C:\Users\User\Downloads\Multi-main\Multi-main\shmq-ultimate\mixllm_3level_kaggle\latest-output-1787103633\mixllm-3level/mixllm/kernels/cutlass_sm75_vendor/mixllm/kernels/cutlass/include/cutlass/uint256.h
Output file downloaded to C:\Users\User\Downloads\Multi-main\Multi-main\shmq-ultimate\mixllm_3level_kaggle\latest-output-1787103633\mixllm-3level/mixllm/kernels/cutlass_sm75_vendor/mixllm/kernels/cutlass/include/cutlass/wmma_array.h
Output file downloaded to C:\Users\User\Downloads\Multi-main\Multi-main\shmq-ultimate\mixllm_3level_kaggle\latest-output-1787103633\mixllm-3level/mixllm/kernels/cutlass_sm75_vendor/mixllm/kernels/cutlass_extension/mq_fine_grained_scale_zero_iterator.h
Output file downloaded to C:\Users\User\Downloads\Multi-main\Multi-main\shmq-ultimate\mixllm_3level_kaggle\latest-output-1787103633\mixllm-3level/mixllm/kernels/cutlass_sm75_vendor/mixllm/kernels/cutlass_extension/mq_mma_base.h
Output file downloaded to C:\Users\User\Downloads\Multi-main\Multi-main\shmq-ultimate\mixllm_3level_kaggle\latest-output-1787103633\mixllm-3level/mixllm/kernels/cutlass_sm75_vendor/mixllm/kernels/cutlass_extension/mq_mma_pipelined_sm75.h
Output file downloaded to C:\Users\User\Downloads\Multi-main\Multi-main\shmq-ultimate\mixllm_3level_kaggle\latest-output-1787103633\mixllm-3level/mixllm/kernels/cutlass_sm75_vendor/mixllm/kernels/cutlass_extension/mq_mma_tensor_op_dequantizer.h
Output file downloaded to C:\Users\User\Downloads\Multi-main\Multi-main\shmq-ultimate\mixllm_3level_kaggle\latest-output-1787103633\mixllm-3level/mixllm/kernels/cutlass_sm75_vendor/mixllm/kernels/cutlass_extension/mq_numeric_conversion.h
Output file downloaded to C:\Users\User\Downloads\Multi-main\Multi-main\shmq-ultimate\mixllm_3level_kaggle\latest-output-1787103633\mixllm-3level/mixllm/kernels/cutlass_sm75_vendor/mixllm/kernels/sm75_cutlass_testbed.h
Output file downloaded to C:\Users\User\Downloads\Multi-main\Multi-main\shmq-ultimate\mixllm_3level_kaggle\latest-output-1787103633\mixllm-3level/mixllm/kernels/sm75_cutlass_testbed.h
Output file downloaded to C:\Users\User\Downloads\Multi-main\Multi-main\shmq-ultimate\mixllm_3level_kaggle\latest-output-1787103633\mixllm-3level/mixllm/kernels/three_level_sm75.cu
Output file downloaded to C:\Users\User\Downloads\Multi-main\Multi-main\shmq-ultimate\mixllm_3level_kaggle\latest-output-1787103633\mixllm-3level/mixllm/model_gate.py
Output file downloaded to C:\Users\User\Downloads\Multi-main\Multi-main\shmq-ultimate\mixllm_3level_kaggle\latest-output-1787103633\mixllm-3level/mixllm/nn/__init__.py
Output file downloaded to C:\Users\User\Downloads\Multi-main\Multi-main\shmq-ultimate\mixllm_3level_kaggle\latest-output-1787103633\mixllm-3level/mixllm/nn/__pycache__/__init__.cpython-312.pyc
Output file downloaded to C:\Users\User\Downloads\Multi-main\Multi-main\shmq-ultimate\mixllm_3level_kaggle\latest-output-1787103633\mixllm-3level/mixllm/nn/modules/__init__.py
Output file downloaded to C:\Users\User\Downloads\Multi-main\Multi-main\shmq-ultimate\mixllm_3level_kaggle\latest-output-1787103633\mixllm-3level/mixllm/nn/modules/__pycache__/__init__.cpython-312.pyc
Output file downloaded to C:\Users\User\Downloads\Multi-main\Multi-main\shmq-ultimate\mixllm_3level_kaggle\latest-output-1787103633\mixllm-3level/mixllm/nn/modules/__pycache__/three_level_linear.cpython-312.pyc
Output file downloaded to C:\Users\User\Downloads\Multi-main\Multi-main\shmq-ultimate\mixllm_3level_kaggle\latest-output-1787103633\mixllm-3level/mixllm/nn/modules/mixllm_config.py
Output file downloaded to C:\Users\User\Downloads\Multi-main\Multi-main\shmq-ultimate\mixllm_3level_kaggle\latest-output-1787103633\mixllm-3level/mixllm/nn/modules/ops.py
Output file downloaded to C:\Users\User\Downloads\Multi-main\Multi-main\shmq-ultimate\mixllm_3level_kaggle\latest-output-1787103633\mixllm-3level/mixllm/nn/modules/three_level_linear.py
Output file downloaded to C:\Users\User\Downloads\Multi-main\Multi-main\shmq-ultimate\mixllm_3level_kaggle\latest-output-1787103633\mixllm-3level/mixllm/quantization/__init__.py
Output file downloaded to C:\Users\User\Downloads\Multi-main\Multi-main\shmq-ultimate\mixllm_3level_kaggle\latest-output-1787103633\mixllm-3level/mixllm/quantization/__pycache__/__init__.cpython-312.pyc
Output file downloaded to C:\Users\User\Downloads\Multi-main\Multi-main\shmq-ultimate\mixllm_3level_kaggle\latest-output-1787103633\mixllm-3level/mixllm/quantization/__pycache__/three_level.cpython-312.pyc
Output file downloaded to C:\Users\User\Downloads\Multi-main\Multi-main\shmq-ultimate\mixllm_3level_kaggle\latest-output-1787103633\mixllm-3level/mixllm/quantization/three_level.py
Output file downloaded to C:\Users\User\Downloads\Multi-main\Multi-main\shmq-ultimate\mixllm_3level_kaggle\latest-output-1787103633\mixllm-3level/mixllm/runtime_capability.py
Output file downloaded to C:\Users\User\Downloads\Multi-main\Multi-main\shmq-ultimate\mixllm_3level_kaggle\latest-output-1787103633\mixllm-3level/mixllm/sm75_backend.py
Output file downloaded to C:\Users\User\Downloads\Multi-main\Multi-main\shmq-ultimate\mixllm_3level_kaggle\latest-output-1787103633\mixllm-3level/mixllm/test/__pycache__/test_three_level.cpython-312.pyc
Output file downloaded to C:\Users\User\Downloads\Multi-main\Multi-main\shmq-ultimate\mixllm_3level_kaggle\latest-output-1787103633\mixllm-3level/mixllm/test/test_model_gate.py
Output file downloaded to C:\Users\User\Downloads\Multi-main\Multi-main\shmq-ultimate\mixllm_3level_kaggle\latest-output-1787103633\mixllm-3level/mixllm/test/test_runtime_capability.py
Output file downloaded to C:\Users\User\Downloads\Multi-main\Multi-main\shmq-ultimate\mixllm_3level_kaggle\latest-output-1787103633\mixllm-3level/mixllm/test/test_sm75_backend.py
Output file downloaded to C:\Users\User\Downloads\Multi-main\Multi-main\shmq-ultimate\mixllm_3level_kaggle\latest-output-1787103633\mixllm-3level/mixllm/test/test_sm75_source.py
Output file downloaded to C:\Users\User\Downloads\Multi-main\Multi-main\shmq-ultimate\mixllm_3level_kaggle\latest-output-1787103633\mixllm-3level/mixllm/test/test_three_level.py
Output file downloaded to C:\Users\User\Downloads\Multi-main\Multi-main\shmq-ultimate\mixllm_3level_kaggle\latest-output-1787103633\mixllm-3level/mixllm/test/test_vllm_three_level.py
Output file downloaded to C:\Users\User\Downloads\Multi-main\Multi-main\shmq-ultimate\mixllm_3level_kaggle\latest-output-1787103633\mixllm-3level/mixllm/vllm_three_level.py
Output file downloaded to C:\Users\User\Downloads\Multi-main\Multi-main\shmq-ultimate\mixllm_3level_kaggle\latest-output-1787103633\mixllm-3level/vllm_v0.9.0_patch/0002-add-mixllm-three-level-support.patch
Output file downloaded to C:\Users\User\Downloads\Multi-main\Multi-main\shmq-ultimate\mixllm_3level_kaggle\latest-output-1787103633\mixllm-3level/vllm_v0.9.0_patch/THREE_LEVEL_MANIFEST.md
Output file downloaded to C:\Users\User\Downloads\Multi-main\Multi-main\shmq-ultimate\mixllm_3level_kaggle\latest-output-1787103633\mixllm_3level_benchmarks.json
Output file downloaded to C:\Users\User\Downloads\Multi-main\Multi-main\shmq-ultimate\mixllm_3level_kaggle\latest-output-1787103633\mixllm_3level_gate.json
Output file downloaded to C:\Users\User\Downloads\Multi-main\Multi-main\shmq-ultimate\mixllm_3level_kaggle\latest-output-1787103633\mixllm_3level_source_manifest.json
Kernel log downloaded to C:\Users\User\Downloads\Multi-main\Multi-main\shmq-ultimate\mixllm_3level_kaggle\latest-output-1787103633\mixllm-3-level-real-t4-gate.log 


RETURN_CODE 0
OUTPUT_DIR C:\Users\User\Downloads\Multi-main\Multi-main\shmq-ultimate\mixllm_3level_kaggle\latest-output-1787103633
